
==========================================================================================================================================

Serpent continuous-energy Monte Carlo code version 1.1.18

Input file:   /home/asikth/Documents/S2P/stop/tests/testfuelpin2/fuelpin_1
Date:         Tue Jul 16 16:17:47 2013
Title:        FPburn    Sodium cooled pin cell with (U,Pu)O2 fuel

Random seed:  1373984267

Memory allocated for DATA array:     219057096 bytes (208.91 Mb)
Memory allocated for RESULTS array:      77224 bytes (75.41 kb)
Memory allocated for ASCII array:       438084 bytes (427.82 kb)
Total allocated memory:              219572404 bytes (209.40 Mb)

==========================================================================================================================================

XS data (17 isotopes)

==========================================================================================================================================

Columns: 1 - Pointer in DATA array
         2 - Nuclide alias
         3 - Nuclide name in ace file
         4 - Nuclide ZAI
         5 - Atomic weight ratio
         6 - Temperature (K)
         7 - Options
         8 - File path

  1/ 17    12706   8016.15c   8016.15c  80160  15.99 1500 8209 /home/asikth/Documents/xsdata/jeff31/data/8016_1500K.ace
  2/ 17    14730  11023.09c  11023.09c 110230  22.99  900 8209 /home/asikth/Documents/xsdata/jeff31/data/11023_900K.ace
  3/ 17    41778  26054.09c  26054.09c 260540  53.94  900 8209 /home/asikth/Documents/xsdata/jeff31/data/26054_900K.ace
  4/ 17    42330  26056.09c  26056.09c 260560  55.93  900 8209 /home/asikth/Documents/xsdata/jeff31/data/26056_900K.ace
  5/ 17    42882  26057.09c  26057.09c 260570  56.94  900 8209 /home/asikth/Documents/xsdata/jeff31/data/26057_900K.ace
  6/ 17    43434  26058.09c  26058.09c 260580  57.93  900 8209 /home/asikth/Documents/xsdata/jeff31/data/26058_900K.ace
  7/ 17   216946  92238.15c  92238.15c 922380 238.05 1500 8217 /home/asikth/Documents/xsdata/jeff31/data/92238_1500K.ace
  8/ 17   222834  94238.09c  94238.09c 942380 238.05  900 8217 /home/asikth/Documents/xsdata/jeff31/data/94238_900K.ace
  9/ 17   223018  94238.15c  94238.15c 942380 238.05 1500 8217 /home/asikth/Documents/xsdata/jeff31/data/94238_1500K.ace
 10/ 17   223386  94239.09c  94239.09c 942390 239.05  900 8217 /home/asikth/Documents/xsdata/jeff31/data/94239_900K.ace
 11/ 17   223570  94239.15c  94239.15c 942390 239.05 1500 8217 /home/asikth/Documents/xsdata/jeff31/data/94239_1500K.ace
 12/ 17   223938  94240.09c  94240.09c 942400 240.05  900 8217 /home/asikth/Documents/xsdata/jeff31/data/94240_900K.ace
 13/ 17   224122  94240.15c  94240.15c 942400 240.05 1500 8217 /home/asikth/Documents/xsdata/jeff31/data/94240_1500K.ace
 14/ 17   224490  94241.09c  94241.09c 942410 241.06  900 8217 /home/asikth/Documents/xsdata/jeff31/data/94241_900K.ace
 15/ 17   224674  94241.15c  94241.15c 942410 241.06 1500 8217 /home/asikth/Documents/xsdata/jeff31/data/94241_1500K.ace
 16/ 17   225042  94242.09c  94242.09c 942420 242.06  900 8217 /home/asikth/Documents/xsdata/jeff31/data/94242_900K.ace
 17/ 17   225226  94242.15c  94242.15c 942420 242.06 1500 8217 /home/asikth/Documents/xsdata/jeff31/data/94242_1500K.ace

==========================================================================================================================================

Material data (8 materials)

==========================================================================================================================================

Material "fuel":

-------------------------------------------------------------------
            a. weight   temp      m. frac      a. frac      a. dens
-------------------------------------------------------------------
 94238.15c  238.04998 1500.0  6.16298E-03  2.33333E-03  1.55907E-04
 94239.15c  239.05198 1500.0  9.17728E-02  3.46000E-02  2.31188E-03
 94240.15c  240.05379 1500.0  4.22610E-02  1.58667E-02  1.06017E-03
 94241.15c  241.05681 1500.0  2.30019E-02  8.60000E-03  5.74629E-04
 94242.15c  242.05841 1500.0  1.41450E-02  5.26667E-03  3.51905E-04
 92238.15c  238.05078 1500.0  7.04342E-01  2.66667E-01  1.78180E-02
  8016.15c   15.99492 1500.0  1.18314E-01  6.66667E-01  4.45449E-02
       sum                    1.00000E+00  1.00000E+00  6.68174E-02
------------------------------------------------------
densities:                    1.00000E+01  6.68174E-02
------------------------------------------------------

Material "clad":

-------------------------------------------------------------------
            a. weight   temp      m. frac      a. frac      a. dens
-------------------------------------------------------------------
 26054.09c   53.93962  900.0  5.64556E-02  5.84500E-02  4.94150E-03
 26056.09c   55.93491  900.0  9.19015E-01  9.17540E-01  7.75711E-02
 26057.09c   56.93541  900.0  2.16037E-02  2.11900E-02  1.79145E-03
 26058.09c   57.93329  900.0  2.92545E-03  2.82000E-03  2.38410E-04
       sum                    1.00000E+00  1.00000E+00  8.45424E-02
------------------------------------------------------
densities:                    7.84000E+00  8.45424E-02
------------------------------------------------------

Material "sodium":

-------------------------------------------------------------------
            a. weight   temp      m. frac      a. frac      a. dens
-------------------------------------------------------------------
 11023.09c   22.98980  900.0  1.00000E+00  1.00000E+00  2.25272E-02
       sum                    1.00000E+00  1.00000E+00  2.25272E-02
------------------------------------------------------
densities:                    8.60000E-01  2.25272E-02
------------------------------------------------------

Material "Pu238":

-------------------------------------------------------------------
            a. weight   temp      m. frac      a. frac      a. dens
-------------------------------------------------------------------
 94238.09c  238.04998  900.0  1.00000E+00  1.00000E+00  2.52974E-03
       sum                    1.00000E+00  1.00000E+00  2.52974E-03
------------------------------------------------------
densities:                    1.00000E+00  2.52974E-03
------------------------------------------------------

Material "Pu239":

-------------------------------------------------------------------
            a. weight   temp      m. frac      a. frac      a. dens
-------------------------------------------------------------------
 94239.09c  239.05198  900.0  1.00000E+00  1.00000E+00  2.51914E-03
       sum                    1.00000E+00  1.00000E+00  2.51914E-03
------------------------------------------------------
densities:                    1.00000E+00  2.51914E-03
------------------------------------------------------

Material "Pu240":

-------------------------------------------------------------------
            a. weight   temp      m. frac      a. frac      a. dens
-------------------------------------------------------------------
 94240.09c  240.05379  900.0  1.00000E+00  1.00000E+00  2.50862E-03
       sum                    1.00000E+00  1.00000E+00  2.50862E-03
------------------------------------------------------
densities:                    1.00000E+00  2.50862E-03
------------------------------------------------------

Material "Pu241":

-------------------------------------------------------------------
            a. weight   temp      m. frac      a. frac      a. dens
-------------------------------------------------------------------
 94241.09c  241.05681  900.0  1.00000E+00  1.00000E+00  2.49818E-03
       sum                    1.00000E+00  1.00000E+00  2.49818E-03
------------------------------------------------------
densities:                    1.00000E+00  2.49818E-03
------------------------------------------------------

Material "Pu242":

-------------------------------------------------------------------
            a. weight   temp      m. frac      a. frac      a. dens
-------------------------------------------------------------------
 94242.09c  242.05841  900.0  1.00000E+00  1.00000E+00  2.48785E-03
       sum                    1.00000E+00  1.00000E+00  2.48785E-03
------------------------------------------------------
densities:                    1.00000E+00  2.48785E-03
------------------------------------------------------

==========================================================================================================================================

Reaction mode fractions by nuclide

==========================================================================================================================================

Fission (total 896 reactions):

 92238.15c  922380    107 0.11942
 94238.09c  942380      0 0.00000
 94238.15c  942380     22 0.02455
 94239.09c  942390      0 0.00000
 94239.15c  942390    496 0.55357
 94240.09c  942400      0 0.00000
 94240.15c  942400     60 0.06696
 94241.09c  942410      0 0.00000
 94241.15c  942410    200 0.22321
 94242.09c  942420      0 0.00000
 94242.15c  942420     11 0.01228

==========================================================================================================================================

Cell data (16 cells)

==========================================================================================================================================

----- Cell "1": --------------------

Universe : 0
Level    : 0
Material : ---

Inside surface 1 (type  8 / hexxc):

Parameters      :  0.00000E+00  0.00000E+00  6.00000E-01 
Neighbour cells :  1 7 

Outside surface 4 (type  4 / pz):

Parameters      : -5.00000E+01 
Neighbour cells :  1 2 

Inside surface 5 (type  4 / pz):

Parameters      :  5.00000E+01 
Neighbour cells :  1 3 

----- Cell "2": --------------------

Universe : 0
Level    : 0
Material : ---

Inside surface 1 (type  8 / hexxc):

Parameters      :  0.00000E+00  0.00000E+00  6.00000E-01 
Neighbour cells :  2 7 

Outside surface 3 (type  4 / pz):

Parameters      : -1.00000E+02 
Neighbour cells :  2 4 

Inside surface 4 (type  4 / pz):

Parameters      : -5.00000E+01 
Neighbour cells :  2 1 

----- Cell "3": --------------------

Universe : 0
Level    : 0
Material : ---

Inside surface 1 (type  8 / hexxc):

Parameters      :  0.00000E+00  0.00000E+00  6.00000E-01 
Neighbour cells :  3 7 

Outside surface 5 (type  4 / pz):

Parameters      :  5.00000E+01 
Neighbour cells :  3 1 

Inside surface 6 (type  4 / pz):

Parameters      :  7.00000E+01 
Neighbour cells :  3 5 

----- Cell "4": --------------------

Universe : 0
Level    : 0
Material : ---

Inside surface 1 (type  8 / hexxc):

Parameters      :  0.00000E+00  0.00000E+00  6.00000E-01 
Neighbour cells :  4 7 

Outside surface 2 (type  4 / pz):

Parameters      : -2.00000E+02 
Neighbour cells :  4 8 

Inside surface 3 (type  4 / pz):

Parameters      : -1.00000E+02 
Neighbour cells :  4 2 

----- Cell "5": --------------------

Universe : 0
Level    : 0
Material : ---

Inside surface 1 (type  8 / hexxc):

Parameters      :  0.00000E+00  0.00000E+00  6.00000E-01 
Neighbour cells :  5 7 

Outside surface 6 (type  4 / pz):

Parameters      :  7.00000E+01 
Neighbour cells :  5 3 

Inside surface 7 (type  4 / pz):

Parameters      :  2.00000E+02 
Neighbour cells :  5 9 

----- Cell "7": --------------------

Universe : 0
Level    : 0
Material : ---

Outside surface 1 (type  8 / hexxc):

Parameters      :  0.00000E+00  0.00000E+00  6.00000E-01 
Neighbour cells :  7 1 2 3 4 5 

Outside surface 2 (type  4 / pz):

Parameters      : -2.00000E+02 
Neighbour cells :  7 8 

Inside surface 7 (type  4 / pz):

Parameters      :  2.00000E+02 
Neighbour cells :  7 9 

----- Cell "8": --------------------

Universe : 0
Level    : 0
Material : ---

Inside surface 2 (type  4 / pz):

Parameters      : -2.00000E+02 
Neighbour cells :  8 4 7 

----- Cell "9": --------------------

Universe : 0
Level    : 0
Material : ---

Outside surface 7 (type  4 / pz):

Parameters      :  2.00000E+02 
Neighbour cells :  9 5 7 

----- Cell "nst1c1": --------------------

Universe : 1
Level    : 1
Material : "fuel"

Inside surface nst1s1 (type  1 / cyl):

Parameters      :  0.00000E+00  0.00000E+00  4.40000E-01 
Neighbour cells :  nst1c1 nst1c2 

----- Cell "nst1c2": --------------------

Universe : 1
Level    : 1
Material : ---

Inside surface nst1s2 (type  1 / cyl):

Parameters      :  0.00000E+00  0.00000E+00  4.60000E-01 
Neighbour cells :  nst1c2 nst1c3 

Outside surface nst1s1 (type  1 / cyl):

Parameters      :  0.00000E+00  0.00000E+00  4.40000E-01 
Neighbour cells :  nst1c2 nst1c1 

----- Cell "nst1c3": --------------------

Universe : 1
Level    : 1
Material : "clad"

Inside surface nst1s3 (type  1 / cyl):

Parameters      :  0.00000E+00  0.00000E+00  5.10000E-01 
Neighbour cells :  nst1c3 nst1c4 

Outside surface nst1s2 (type  1 / cyl):

Parameters      :  0.00000E+00  0.00000E+00  4.60000E-01 
Neighbour cells :  nst1c3 nst1c2 

----- Cell "nst1c4": --------------------

Universe : 1
Level    : 1
Material : "sodium"

Outside surface nst1s3 (type  1 / cyl):

Parameters      :  0.00000E+00  0.00000E+00  5.10000E-01 
Neighbour cells :  nst1c4 nst1c3 

----- Cell "nst2c1": --------------------

Universe : 2
Level    : 1
Material : ---

Inside surface nst2s1 (type  1 / cyl):

Parameters      :  0.00000E+00  0.00000E+00  4.60000E-01 
Neighbour cells :  nst2c1 nst2c2 

----- Cell "nst2c2": --------------------

Universe : 2
Level    : 1
Material : "clad"

Inside surface nst2s2 (type  1 / cyl):

Parameters      :  0.00000E+00  0.00000E+00  5.10000E-01 
Neighbour cells :  nst2c2 nst2c3 

Outside surface nst2s1 (type  1 / cyl):

Parameters      :  0.00000E+00  0.00000E+00  4.60000E-01 
Neighbour cells :  nst2c2 nst2c1 

----- Cell "nst2c3": --------------------

Universe : 2
Level    : 1
Material : "sodium"

Outside surface nst2s2 (type  1 / cyl):

Parameters      :  0.00000E+00  0.00000E+00  5.10000E-01 
Neighbour cells :  nst2c3 nst2c2 

----- Cell "nst3c1": --------------------

Universe : 3
Level    : 1
Material : "sodium"

Inside surface nst3s1 (type  5 / inf):

Parameters      : 
Neighbour cells :  nst3c1 

==========================================================================================================================================

Summary of geometry data

==========================================================================================================================================

List of surfaces (13):

------------------------------------------------------------------------------
 Surface |  Type | Parameters
------------------------------------------------------------------------------
       1 | hexxc |  0.0000E+00  0.0000E+00  6.0000E-01 
       2 |    pz | -2.0000E+02 
       3 |    pz | -1.0000E+02 
       4 |    pz | -5.0000E+01 
       5 |    pz |  5.0000E+01 
       6 |    pz |  7.0000E+01 
       7 |    pz |  2.0000E+02 
  nst1s1 |   cyl |  0.0000E+00  0.0000E+00  4.4000E-01 
  nst1s2 |   cyl |  0.0000E+00  0.0000E+00  4.6000E-01 
  nst1s3 |   cyl |  0.0000E+00  0.0000E+00  5.1000E-01 
  nst2s1 |   cyl |  0.0000E+00  0.0000E+00  4.6000E-01 
  nst2s2 |   cyl |  0.0000E+00  0.0000E+00  5.1000E-01 
------------------------------------------------------------------------------

Geometry has 13 surfaces in 16 cells at 4 universes at 2 levels:

------------------------------------------------------------------------------
Level | Universe |     Cell | Surfaces
------------------------------------------------------------------------------
    0 |        0 |        7 |  1  2 -7 
    0 |        0 |        1 | -1  4 -5 
    0 |        0 |        5 | -1  6 -7 
    0 |        0 |        2 | -1  3 -4 
    0 |        0 |        9 |  7 
    0 |        0 |        4 | -1  2 -3 
    0 |        0 |        3 | -1  5 -6 
    0 |        0 |        8 | -2 
    1 |        1 |   nst1c1 | -nst1s1 
    1 |        1 |   nst1c2 | -nst1s2  nst1s1 
    1 |        1 |   nst1c3 | -nst1s3  nst1s2 
    1 |        1 |   nst1c4 |  nst1s3 
    1 |        2 |   nst2c1 | -nst2s1 
    1 |        2 |   nst2c2 | -nst2s2  nst2s1 
    1 |        2 |   nst2c3 |  nst2s2 
    1 |        3 |   nst3c1 | -nst3s1 
------------------------------------------------------------------------------

List of cell neighbours:

------------------------------------------------------------------------------
Cell    | Neighbour cells 
------------------------------------------------------------------------------
1       | 1 7 1 2 1 3 
2       | 2 7 2 4 2 1 
3       | 3 7 3 1 3 5 
4       | 4 7 4 8 4 2 
5       | 5 7 5 3 5 9 
7       | 7 1 2 3 4 5 7 8 7 9 
8       | 8 4 7 
9       | 9 5 7 
nst1c1  | nst1c1 nst1c2 
nst1c2  | nst1c2 nst1c3 nst1c2 nst1c1 
nst1c3  | nst1c3 nst1c4 nst1c3 nst1c2 
nst1c4  | nst1c4 nst1c3 
nst2c1  | nst2c1 nst2c2 
nst2c2  | nst2c2 nst2c3 nst2c2 nst2c1 
nst2c3  | nst2c3 nst2c2 
nst3c1  | nst3c1 
------------------------------------------------------------------------------

==========================================================================================================================================
